// Jest Snapshot v1, https://goo.gl/fbAQLP

exports[`ItemsMenu component should have the correct styles (Those that depends on the theme) 1`] = `
.c0 {
  display: block;
  cursor: pointer;
  padding: 0;
  margin: 0;
  border-radius: 5px;
  background-color: rgb(255,255,255);
  font-size: calc(12 * 1px);
  line-height: calc(16 * 1px);
  font-weight: 500;
  box-shadow: 0 4px 5px 0 rgba(0,0,0,0.14),0 1px 10px 0 rgba(0,0,0,0.12),0 2px 4px -1px rgba(0,0,0,0.2);
}

.c0 li {
  list-style: none;
  padding: 15px;
  color: rgba(0,0,0,0.54);
}

.c0 li:hover {
  color: rgb(255,87,50);
  background-color: rgba(255,87,50,0.1);
}

.c1 {
  margin: 0;
  margin-top: -1px;
  margin-left: 0;
  height: 1px;
  border: none;
  background-color: #e0e0e0;
}

<ul
  className="c0"
>
  <div
    className=""
    onClick={undefined}
    onKeyUp={undefined}
    role="button"
    tabIndex={0}
  >
    <li>
      <div>
        Parent 1
      </div>
    </li>
    <hr
      className="c1"
    />
  </div>
  <div
    className=""
    onClick={undefined}
    onKeyUp={undefined}
    role="button"
    tabIndex={1}
  >
    <li>
      <div>
        Parent 2
      </div>
    </li>
    <hr
      className="c1"
    />
  </div>
  <div
    className=""
    onClick={undefined}
    onKeyUp={undefined}
    role="button"
    tabIndex={2}
  >
    <li>
      <div>
        Child 1.1
      </div>
    </li>
    <hr
      className="c1"
    />
  </div>
  <div
    className=""
    onClick={undefined}
    onKeyUp={undefined}
    role="button"
    tabIndex={3}
  >
    <li>
      <div>
        Child 1.2
      </div>
    </li>
    <hr
      className="c1"
    />
  </div>
  <div
    className=""
    onClick={undefined}
    onKeyUp={undefined}
    role="button"
    tabIndex={4}
  >
    <li>
      <div>
        Child 1.2.1
      </div>
    </li>
    <hr
      className="c1"
    />
  </div>
</ul>
`;

exports[`ItemsMenu component should render with data 1`] = `
<styled.ul>
  <StyledListItem
    role="button"
    tabIndex={0}
  >
    <li
      key="1"
    >
      <div>
        Parent 1
      </div>
    </li>
    <styled.hr />
  </StyledListItem>
  <StyledListItem
    role="button"
    tabIndex={1}
  >
    <li
      key="2"
    >
      <div>
        Parent 2
      </div>
    </li>
    <styled.hr />
  </StyledListItem>
  <StyledListItem
    role="button"
    tabIndex={2}
  >
    <li
      key="3"
    >
      <div>
        Child 1.1
      </div>
    </li>
    <styled.hr />
  </StyledListItem>
  <StyledListItem
    role="button"
    tabIndex={3}
  >
    <li
      key="4"
    >
      <div>
        Child 1.2
      </div>
    </li>
    <styled.hr />
  </StyledListItem>
  <StyledListItem
    role="button"
    tabIndex={4}
  >
    <li
      key="5"
    >
      <div>
        Child 1.2.1
      </div>
    </li>
    <styled.hr />
  </StyledListItem>
</styled.ul>
`;

exports[`ItemsMenu component should render with empty data 1`] = `<styled.ul />`;
