// Jest Snapshot v1, https://goo.gl/fbAQLP

exports[`Tag component should render with custom props 1`] = `
<StyledTag>
  SPU-CLAVE
</StyledTag>
`;

exports[`Tag component should render with empty props 1`] = `<StyledTag />`;
