// Jest Snapshot v1, https://goo.gl/fbAQLP

exports[`TagList component should render with custom props 1`] = `
<TagListContainer>
  <Tag
    className="LT-Tag-Container"
    data={
      Object {
        "name": "SPU-CLAVE",
      }
    }
    key="SPU-CLAVE"
    onClick={null}
  />
</TagListContainer>
`;

exports[`TagList component should render with empty props 1`] = `<TagListContainer />`;

exports[`TagList component should render with no tags the empty state 1`] = `<TagListContainer />`;
