// Jest Snapshot v1, https://goo.gl/fbAQLP

exports[`PhotoMessage component should render without issues 1`] = `
<div
  className="letstalk-mbox-attachment letstalk-mbox-photo"
>
  <div
    className="letstalk-mbox-photo--img"
  >
    <img
      onClick={null}
      onKeyPress={null}
      role="button"
    />
  </div>
</div>
`;
