// Jest Snapshot v1, https://goo.gl/fbAQLP

exports[`<MessageList /> component matches snapshot 1`] = `
ShallowWrapper {
  "length": 1,
  Symbol(enzyme.__root__): [Circular],
  Symbol(enzyme.__unrendered__): <_class2>
    <div>
      Child 1
    </div>
    <div>
      Child 2
    </div>
  </_class2>,
  Symbol(enzyme.__renderer__): Object {
    "batchedUpdates": [Function],
    "getNode": [Function],
    "render": [Function],
    "simulateEvent": [Function],
    "unmount": [Function],
  },
  Symbol(enzyme.__node__): Object {
    "instance": null,
    "key": undefined,
    "nodeType": "class",
    "props": Object {
      "children": Array [
        <div>
          Child 1
        </div>,
        <div>
          Child 2
        </div>,
      ],
      "className": "LT-MessageList-Container",
      "cmpRef": [Function],
      "onClick": null,
      "onDownload": null,
      "onForwardClick": null,
      "onOpen": null,
      "onTitleClick": null,
    },
    "ref": null,
    "rendered": Array [
      Object {
        "instance": null,
        "key": undefined,
        "nodeType": "host",
        "props": Object {
          "children": "Child 1",
        },
        "ref": null,
        "rendered": "Child 1",
        "type": "div",
      },
      Object {
        "instance": null,
        "key": undefined,
        "nodeType": "host",
        "props": Object {
          "children": "Child 2",
        },
        "ref": null,
        "rendered": "Child 2",
        "type": "div",
      },
    ],
    "type": [Function],
  },
  Symbol(enzyme.__nodes__): Array [
    Object {
      "instance": null,
      "key": undefined,
      "nodeType": "class",
      "props": Object {
        "children": Array [
          <div>
            Child 1
          </div>,
          <div>
            Child 2
          </div>,
        ],
        "className": "LT-MessageList-Container",
        "cmpRef": [Function],
        "onClick": null,
        "onDownload": null,
        "onForwardClick": null,
        "onOpen": null,
        "onTitleClick": null,
      },
      "ref": null,
      "rendered": Array [
        Object {
          "instance": null,
          "key": undefined,
          "nodeType": "host",
          "props": Object {
            "children": "Child 1",
          },
          "ref": null,
          "rendered": "Child 1",
          "type": "div",
        },
        Object {
          "instance": null,
          "key": undefined,
          "nodeType": "host",
          "props": Object {
            "children": "Child 2",
          },
          "ref": null,
          "rendered": "Child 2",
          "type": "div",
        },
      ],
      "type": [Function],
    },
  ],
  Symbol(enzyme.__options__): Object {
    "adapter": ReactSixteenAdapter {
      "options": Object {
        "enableComponentDidUpdateOnSetState": true,
      },
    },
  },
}
`;
