// Jest Snapshot v1, https://goo.gl/fbAQLP

exports[`ActionableMessageBox component should render with data 1`] = `
<ul
  className="letstalk-actionable-mbox"
>
  <li
    className="letstalk-actionable-item"
    key="1"
    onClick={null}
    role="button"
  >
    Emergencia Bancaria
  </li>
  <li
    className="letstalk-actionable-item"
    key="2"
    onClick={null}
    role="button"
  >
    Tarjeta de crédito
  </li>
  <li
    className="letstalk-actionable-item"
    key="3"
    onClick={null}
    role="button"
  >
    Crédito Personal
  </li>
  <li
    className="letstalk-actionable-item"
    key="4"
    onClick={null}
    role="button"
  >
    Otro
  </li>
</ul>
`;

exports[`ActionableMessageBox component should render without data 1`] = `
<ul
  className="letstalk-actionable-mbox"
>
  <li
    className="letstalk-actionable-item"
    key="1"
    onClick={null}
    role="button"
  >
    Emergencia Bancaria
  </li>
  <li
    className="letstalk-actionable-item"
    key="2"
    onClick={null}
    role="button"
  >
    Tarjeta de crédito
  </li>
  <li
    className="letstalk-actionable-item"
    key="3"
    onClick={null}
    role="button"
  >
    Crédito Personal
  </li>
  <li
    className="letstalk-actionable-item"
    key="4"
    onClick={null}
    role="button"
  >
    Otro
  </li>
</ul>
`;
