// Jest Snapshot v1, https://goo.gl/fbAQLP

exports[`MessageBox component should render without issues 1`] = `
<div
  className="letstalk-container-mbox"
  onClick={null}
  onKeyPress={null}
  role="button"
  tabIndex="-3"
>
  <div
    className="letstalk-mbox letstalk-mbox-left"
  >
    <div
      className="letstalk-mbox-body"
    >
      <div
        className="letstalk-mbox-content letstalk-mbox-text"
      />
      <div
        className="letstalk-mbox-time"
      >
        a few seconds ago
        <span
          className="letstalk-mbox-status"
        >
          <IoAndroidDoneAll
            color="#4FC3F7"
          />
        </span>
      </div>
    </div>
  </div>
</div>
`;
