// Jest Snapshot v1, https://goo.gl/fbAQLP

exports[`Button component should render with data 1`] = `
<styled.div
  className="my-custom-button-class"
>
  <styled.input
    className="letstalk-button my-custom-button-class"
    disabled={true}
    onClick={[Function]}
    type="button"
    value="custom"
  />
</styled.div>
`;

exports[`Button component should render with minimal props 1`] = `
<styled.div
  className="LT-Button-Container"
>
  <styled.input
    className="letstalk-button LT-Button-Container"
    disabled={false}
    onClick={[Function]}
    type="submit"
    value="submit"
  />
</styled.div>
`;
