// Jest Snapshot v1, https://goo.gl/fbAQLP

exports[`PhotoMessage component should render a System message 1`] = `
<PhotoContainer>
  <ImageContainer
    onClick={null}
    onKeyPress={null}
  >
    <img
      alt="Image alt"
      src=""
    />
  </ImageContainer>
  <styled.div>
    I am a photo message
  </styled.div>
</PhotoContainer>
`;
